// Jest Snapshot v1, https://goo.gl/fbAQLP

exports[`Pruebas en <FirstApp /> debe de hacer con el snapshot 1`] = `
<div>
  <h1
    data-testid="test-title"
    style="color: rgb(255, 153, 0);"
  >
    Hola Luisinho
  </h1>
  <div
    style="color: limegreen;"
  >
    444
  </div>
  <div
    style="color: limegreen;"
  >
    444
  </div>
</div>
`;
